******************************************************************************
                  TI ARM Linker PC v20.2.7                     
******************************************************************************
>> Linked Mon Nov 11 13:53:22 2024

OUTPUT FILE NAME:   <lab10.out>
ENTRY POINT SYMBOL: "_c_int00_noargs"  address: 000048f5


MEMORY CONFIGURATION

         name            origin    length      used     unused   attr    fill
----------------------  --------  ---------  --------  --------  ----  --------
  FLASH                 00000000   00040000  00004d54  0003b2ac  R  X
  SRAM                  20000000   00008000  00001020  00006fe0  RW X


SEGMENT ALLOCATION MAP

run origin  load origin   length   init length attrs members
----------  ----------- ---------- ----------- ----- -------
00000000    00000000    00004d58   00004d58    r-x
  00000000    00000000    0000026c   0000026c    r-- .intvecs
  0000026c    0000026c    00004910   00004910    r-x .text
  00004b7c    00004b7c    00000118   00000118    r-- .const
  00004c98    00004c98    000000c0   000000c0    r-- .cinit
20000000    20000000    00001024   00000000    rw-
  20000000    20000000    0000026c   00000000    rw- .vtable
  20000270    20000270    00000800   00000000    rw- .stack
  20000a70    20000a70    00000400   00000000    rw- .sysmem
  20000e70    20000e70    000000ec   00000000    rw- .bss
  20000f5c    20000f5c    000000c8   00000000    rw- .data


SECTION ALLOCATION MAP

 output                                  attributes/
section   page    origin      length       input sections
--------  ----  ----------  ----------   ----------------
.intvecs   0    00000000    0000026c     
                  00000000    0000026c     tm4c123gh6pm_startup_ccs.obj (.intvecs)

.text      0    0000026c    00004910     
                  0000026c    00000c20     open_interface.obj (.text)
                  00000e8c    00000a4e     rtsv7M4_T_le_v4SPD16_eabi.lib : _printfi.c.obj (.text:__TI_printfi)
                  000018da    00000002                                   : _lock.c.obj (.text:_nop)
                  000018dc    00000924     main.obj (.text)
                  00002200    000003cc     movement.obj (.text)
                  000025cc    00000328     lcd.obj (.text)
                  000028f4    000002b0     ping.obj (.text)
                  00002ba4    00000270     rtsv7M4_T_le_v4SPD16_eabi.lib : _printfi.c.obj (.text:_pconv_a)
                  00002e14    00000248     Timer.obj (.text)
                  0000305c    000001d0     rtsv7M4_T_le_v4SPD16_eabi.lib : _printfi.c.obj (.text:_pconv_g)
                  0000322c    000001b6                                   : fd_add_t2.asm.obj (.text)
                  000033e2    00000002                                   : div0.asm.obj (.text)
                  000033e4    000001b4     servo.obj (.text)
                  00003598    000001a0     uart.obj (.text)
                  00003738    0000013c     rtsv7M4_T_le_v4SPD16_eabi.lib : _printfi.c.obj (.text:_pconv_e)
                  00003874    00000136                                   : fd_div_t2.asm.obj (.text)
                  000039aa    00000002     --HOLE-- [fill = 0]
                  000039ac    00000128     adc.obj (.text)
                  00003ad4    00000124     rtsv7M4_T_le_v4SPD16_eabi.lib : _printfi.c.obj (.text:fcvt)
                  00003bf8    00000110                                   : s_scalbn.c.obj (.text:scalbn)
                  00003d08    00000100                                   : memory.c.obj (.text:aligned_alloc)
                  00003e08    000000fc                                   : fd_mul_t2.asm.obj (.text)
                  00003f04    000000e4                                   : memory.c.obj (.text:free)
                  00003fe8    000000b1                                   : _printfi.c.obj (.text:_ltostr)
                  00004099    00000001     --HOLE-- [fill = 0]
                  0000409a    0000009c                                   : memcpy_t2.asm.obj (.text)
                  00004136    00000096                                   : ull_div_t2.asm.obj (.text)
                  000041cc    00000086                                   : fd_cmp_t2.asm.obj (.text:__aeabi_cdcmple)
                  00004252    00000086                                   : fd_cmp_t2.asm.obj (.text:__aeabi_cdrcmple)
                  000042d8    0000007a                                   : memset_t2.asm.obj (.text)
                  00004352    00000002     --HOLE-- [fill = 0]
                  00004354    00000070                                   : memory.c.obj (.text:split)
                  000043c4    0000006e                                   : _printfi.c.obj (.text:_mcpy)
                  00004432    0000006e                                   : fd_tos_t2.asm.obj (.text)
                  000044a0    00000068                                   : copy_decompress_lzss.c.obj (.text:decompress:lzss:__TI_decompress_lzss)
                  00004508    00000064                                   : s_frexp.c.obj (.text:frexp)
                  0000456c    00000056                                   : _printfi.c.obj (.text:_pconv_f)
                  000045c2    00000054                                   : _ltoa.c.obj (.text:__TI_ltoa)
                  00004616    00000052                                   : _printfi.c.obj (.text:_ecpy)
                  00004668    0000004c                                   : atoi.c.obj (.text:atoi)
                  000046b4    0000004c                                   : snprintf.c.obj (.text:snprintf)
                  00004700    00000048                                   : fd_toi_t2.asm.obj (.text)
                  00004748    00000044                                   : autoinit.c.obj (.text:__TI_auto_init_nobinit_nopinit:__TI_auto_init_nobinit_nopinit)
                  0000478c    00000044                                   : fd_tou_t2.asm.obj (.text)
                  000047d0    00000040                                   : vsnprintf.c.obj (.text:vsnprintf)
                  00004810    0000003e                                   : _printfi.c.obj (.text:_fcpy)
                  0000484e    00000002     --HOLE-- [fill = 0]
                  00004850    00000038                                   : memory.c.obj (.text:calloc)
                  00004888    00000038                                   : fs_tod_t2.asm.obj (.text)
                  000048c0    00000034     driverlib.lib : interrupt.obj (.text:IntRegister)
                  000048f4    00000034     rtsv7M4_T_le_v4SPD16_eabi.lib : boot_cortex_m.c.obj (.text:_c_int00_noargs:_c_int00_noargs)
                  00004928    00000030                                   : snprintf.c.obj (.text:_outs)
                  00004958    00000030                                   : vsnprintf.c.obj (.text:_outs)
                  00004988    0000002e                                   : i_tofd_t2.asm.obj (.text)
                  000049b6    00000002     --HOLE-- [fill = 0]
                  000049b8    00000028                                   : memory.c.obj (.text:free_list_insert)
                  000049e0    00000020                                   : u_tofd_t2.asm.obj (.text)
                  00004a00    0000001c                                   : copy_zero_init.c.obj (.text:decompress:ZI:__TI_zero_init_nomemset:__TI_zero_init_nomemset)
                  00004a1c    0000001c                                   : memory.c.obj (.text:free_list_remove)
                  00004a38    0000001c                                   : memccpy.c.obj (.text:memccpy)
                  00004a54    0000001a                                   : s_copysign.c.obj (.text:copysign)
                  00004a6e    00000018                                   : snprintf.c.obj (.text:_outc)
                  00004a86    00000018                                   : vsnprintf.c.obj (.text:_outc)
                  00004a9e    00000018     open_interface.obj (.text:oi_parseInt)
                  00004ab6    00000018     rtsv7M4_T_le_v4SPD16_eabi.lib : strcmp.c.obj (.text:strcmp)
                  00004ace    00000016                                   : strchr.c.obj (.text:strchr)
                  00004ae4    00000014                                   : strcpy.c.obj (.text:strcpy)
                  00004af8    00000014                                   : strlen.c.obj (.text:strlen)
                  00004b0c    00000012                                   : wcslen.c.obj (.text:wcslen)
                  00004b1e    00000010     driverlib.lib : interrupt.obj (.text:IntMasterEnable)
                  00004b2e    00000010     lcd.obj (.text:lcd_clear)
                  00004b3e    0000000e     rtsv7M4_T_le_v4SPD16_eabi.lib : copy_decompress_none.c.obj (.text:decompress:none:__TI_decompress_none)
                  00004b4c    0000000c     driverlib.lib : cpu.obj (.text:CPUcpsie)
                  00004b58    0000000c     tm4c123gh6pm_startup_ccs.obj (.text)
                  00004b64    00000008     rtsv7M4_T_le_v4SPD16_eabi.lib : errno.c.obj (.text:__aeabi_errno_addr)
                  00004b6c    00000008                                   : memory.c.obj (.text:malloc)
                  00004b74    00000004                                   : pre_init.c.obj (.text:_system_pre_init)
                  00004b78    00000004                                   : exit.c.obj (.text:abort:abort)

.const     0    00004b7c    00000118     
                  00004b7c    00000101     rtsv7M4_T_le_v4SPD16_eabi.lib : ctype.c.obj (.const:.string:_ctypes_)
                  00004c7d    0000000f     open_interface.obj (.const:.string:$P$T0$3)
                  00004c8c    00000004     lcd.obj (.const:.string:lineAddress$1)
                  00004c90    00000004     lcd.obj (.const:.string:lineAddresses$2)

.cinit     0    00004c98    000000c0     
                  00004c98    00000085     (.cinit..data.load) [load image, compression = lzss]
                  00004d1d    00000003     --HOLE-- [fill = 0]
                  00004d20    0000000c     (__TI_handler_table)
                  00004d2c    00000004     --HOLE-- [fill = 0]
                  00004d30    00000008     (.cinit..bss.load) [load image, compression = zero_init]
                  00004d38    00000008     (.cinit..vtable.load) [load image, compression = zero_init]
                  00004d40    00000018     (__TI_cinit_table)

.init_array 
*          0    00000000    00000000     UNINITIALIZED

.vtable    0    20000000    0000026c     UNINITIALIZED
                  20000000    0000026c     driverlib.lib : interrupt.obj (.vtable)

.stack     0    20000270    00000800     UNINITIALIZED
                  20000270    00000004     rtsv7M4_T_le_v4SPD16_eabi.lib : boot_cortex_m.c.obj (.stack)
                  20000274    000007fc     --HOLE--

.sysmem    0    20000a70    00000400     UNINITIALIZED
                  20000a70    00000010     rtsv7M4_T_le_v4SPD16_eabi.lib : memory.c.obj (.sysmem)
                  20000a80    000003f0     --HOLE--

.bss       0    20000e70    000000ec     UNINITIALIZED
                  20000e70    00000078     (.common:detected_objects)
                  20000ee8    00000054     lcd.obj (.bss:lastbuffer$3)
                  20000f3c    00000018     open_interface.obj (.bss:firmware$2)
                  20000f54    00000004     (.common:_timeout_ticks)
                  20000f58    00000004     (.common:overflow_count)

.data      0    20000f5c    000000c8     UNINITIALIZED
                  20000f5c    0000003c     main.obj (.data:distances)
                  20000f98    0000003c     main.obj (.data:ir_values)
                  20000fd4    00000020     open_interface.obj (.data)
                  20000ff4    00000009     ping.obj (.data)
                  20000ffd    00000002     uart.obj (.data)
                  20000fff    00000001     Timer.obj (.data)
                  20001000    00000008     rtsv7M4_T_le_v4SPD16_eabi.lib : _lock.c.obj (.data:$O1$$)
                  20001008    00000008                                   : memory.c.obj (.data:$O1$$)
                  20001010    00000008     servo.obj (.data)
                  20001018    00000005     main.obj (.data)
                  2000101d    00000003     --HOLE--
                  20001020    00000004     rtsv7M4_T_le_v4SPD16_eabi.lib : errno.c.obj (.data)

__llvm_prf_cnts 
*          0    20000000    00000000     UNINITIALIZED

MODULE SUMMARY

       Module                         code    ro data   rw data
       ------                         ----    -------   -------
    .\
       open_interface.obj             3128    15        56     
       main.obj                       2340    0         245    
       movement.obj                   972     0         0      
       lcd.obj                        824     8         84     
       ping.obj                       688     0         13     
       tm4c123gh6pm_startup_ccs.obj   12      620       0      
       Timer.obj                      584     0         5      
       servo.obj                      436     0         8      
       uart.obj                       416     0         2      
       adc.obj                        296     0         0      
    +--+------------------------------+-------+---------+---------+
       Total:                         9696    643       413    
                                                               
    C:/ti/TivaWare_C_Series-2.2.0.295/driverlib/ccs/Debug/driverlib.lib
       interrupt.obj                  68      0         620    
       cpu.obj                        12      0         0      
    +--+------------------------------+-------+---------+---------+
       Total:                         80      0         620    
                                                               
    C:\ti\ccs1271\ccs\tools\compiler\ti-cgt-arm_20.2.7.LTS\lib\rtsv7M4_T_le_v4SPD16_eabi.lib
       _printfi.c.obj                 4851    0         0      
       memory.c.obj                   728     0         8      
       fd_add_t2.asm.obj              438     0         0      
       fd_div_t2.asm.obj              310     0         0      
       s_scalbn.c.obj                 272     0         0      
       fd_cmp_t2.asm.obj              268     0         0      
       ctype.c.obj                    0       257       0      
       fd_mul_t2.asm.obj              252     0         0      
       memcpy_t2.asm.obj              156     0         0      
       ull_div_t2.asm.obj             150     0         0      
       snprintf.c.obj                 148     0         0      
       vsnprintf.c.obj                136     0         0      
       memset_t2.asm.obj              122     0         0      
       fd_tos_t2.asm.obj              110     0         0      
       copy_decompress_lzss.c.obj     104     0         0      
       s_frexp.c.obj                  100     0         0      
       _ltoa.c.obj                    84      0         0      
       atoi.c.obj                     76      0         0      
       fd_toi_t2.asm.obj              72      0         0      
       autoinit.c.obj                 68      0         0      
       fd_tou_t2.asm.obj              68      0         0      
       fs_tod_t2.asm.obj              56      0         0      
       boot_cortex_m.c.obj            52      0         0      
       i_tofd_t2.asm.obj              46      0         0      
       u_tofd_t2.asm.obj              32      0         0      
       copy_zero_init.c.obj           28      0         0      
       memccpy.c.obj                  28      0         0      
       s_copysign.c.obj               26      0         0      
       strcmp.c.obj                   24      0         0      
       strchr.c.obj                   22      0         0      
       strcpy.c.obj                   20      0         0      
       strlen.c.obj                   20      0         0      
       wcslen.c.obj                   18      0         0      
       copy_decompress_none.c.obj     14      0         0      
       errno.c.obj                    8       0         4      
       _lock.c.obj                    2       0         8      
       exit.c.obj                     4       0         0      
       pre_init.c.obj                 4       0         0      
       div0.asm.obj                   2       0         0      
    +--+------------------------------+-------+---------+---------+
       Total:                         8919    257       20     
                                                               
       Heap:                          0       0         1024   
       Stack:                         0       0         2048   
       Linker Generated:              0       185       0      
    +--+------------------------------+-------+---------+---------+
       Grand Total:                   18695   1085      4125   


LINKER GENERATED COPY TABLES

__TI_cinit_table @ 00004d40 records: 3, size/record: 8, table size: 24
	.data: load addr=00004c98, load size=00000085 bytes, run addr=20000f5c, run size=000000c8 bytes, compression=lzss
	.bss: load addr=00004d30, load size=00000008 bytes, run addr=20000e70, run size=000000ec bytes, compression=zero_init
	.vtable: load addr=00004d38, load size=00000008 bytes, run addr=20000000, run size=0000026c bytes, compression=zero_init


LINKER GENERATED HANDLER TABLE

__TI_handler_table @ 00004d20 records: 3, size/record: 4, table size: 12
	index: 0, handler: __TI_zero_init
	index: 1, handler: __TI_decompress_lzss
	index: 2, handler: __TI_decompress_none


GLOBAL SYMBOLS: SORTED ALPHABETICALLY BY Name 

address   name                          
-------   ----                          
00004b79  C$$EXIT                       
00004b4d  CPUcpsie                      
20000ff8  END_TIME                      
00000bc3  GPIOF_Handler                 
00004b1f  IntMasterEnable               
000048c1  IntRegister                   
00004b59  ResetISR                      
20000ff4  START_TIME                    
20000ffc  STATE                         
000029eb  TIMER3B_Handler               
20000a70  __STACK_END                   
00000800  __STACK_SIZE                  
20000470  __STACK_TOP                   
00000400  __SYSMEM_SIZE                 
00004d40  __TI_CINIT_Base               
00004d58  __TI_CINIT_Limit              
00004d20  __TI_Handler_Table_Base       
00004d2c  __TI_Handler_Table_Limit      
00004749  __TI_auto_init_nobinit_nopinit
000044a1  __TI_decompress_lzss          
00004b3f  __TI_decompress_none          
000045c3  __TI_ltoa                     
ffffffff  __TI_pprof_out_hndl           
00000e8d  __TI_printfi                  
ffffffff  __TI_prof_data_size           
ffffffff  __TI_prof_data_start          
00000000  __TI_static_base__            
00004a01  __TI_zero_init_nomemset       
000041cd  __aeabi_cdcmpeq               
000041cd  __aeabi_cdcmple               
00004253  __aeabi_cdrcmple              
00004433  __aeabi_d2f                   
00004701  __aeabi_d2iz                  
0000478d  __aeabi_d2uiz                 
00003237  __aeabi_dadd                  
00003875  __aeabi_ddiv                  
00003e09  __aeabi_dmul                  
0000322d  __aeabi_dsub                  
00004b65  __aeabi_errno_addr            
00004889  __aeabi_f2d                   
00004989  __aeabi_i2d                   
000033e3  __aeabi_idiv0                 
000033e3  __aeabi_ldiv0                 
000042d9  __aeabi_memclr                
000042d9  __aeabi_memclr4               
000042d9  __aeabi_memclr8               
0000409b  __aeabi_memcpy                
0000409b  __aeabi_memcpy4               
0000409b  __aeabi_memcpy8               
000042db  __aeabi_memset                
000042db  __aeabi_memset4               
000042db  __aeabi_memset8               
000049e1  __aeabi_ui2d                  
00004137  __aeabi_uldivmod              
ffffffff  __binit__                     
ffffffff  __c_args__                    
UNDEFED   __mpu_init                    
20000270  __stack                       
20000000  __start___llvm_prf_cnts       
20000000  __stop___llvm_prf_cnts        
000048f5  _c_int00_noargs               
00004b7c  _ctypes_                      
20001000  _lock                         
000018db  _nop                          
20000fff  _running                      
20000a70  _sys_memory                   
UNDEFED   _system_post_cinit            
00004b75  _system_pre_init              
20000f54  _timeout_ticks                
20001004  _unlock                       
00004b79  abort                         
0000190f  adc_distance                  
000039ad  adc_init                      
00003a5d  adc_read                      
00003d09  aligned_alloc                 
00004669  atoi                          
ffffffff  binit                         
00002abb  calculate_distance            
00002b0b  calculate_time_in_ms          
00004851  calloc                        
00001a01  control_movement              
00004a55  copysign                      
00004a55  copysignl                     
20001010  current_degrees               
2000101c  current_mode                  
20000e70  detected_objects              
20001014  direction                     
00001b9d  display_smallest_object       
20000f5c  distances                     
20001020  errno                         
20000ffe  flag                          
00003f05  free                          
00004509  frexp                         
00004509  frexpl                        
20000000  g_pfnRAMVectors               
00000000  g_pfnVectors                  
0000097f  go_charge                     
000023b1  handle_bump                   
00001f6f  handle_bump_sensor            
00001e75  handle_uart_data              
20000f98  ir_values                     
00004b2f  lcd_clear                     
000027a1  lcd_gotoLine                  
00002609  lcd_init                      
00002807  lcd_printf                    
000026c9  lcd_putc                      
00002701  lcd_puts                      
000025cd  lcd_reverseNibble             
0000271f  lcd_sendCommand               
0000275d  lcd_sendNibble                
000027c9  lcd_setCursorPos              
00003bf9  ldexp                         
00003bf9  ldexpl                        
00001fa1  main                          
00004b6d  malloc                        
00003d09  memalign                      
00004a39  memccpy                       
0000409b  memcpy                        
000042e1  memset                        
20000fd4  motor_cal_factor_L            
20000fd8  motor_cal_factor_R            
00002269  move_backwards                
00002201  move_forward                  
00002415  move_forward_with_bump        
00001cef  navigate_to_smallest_object   
20001018  object_count                  
0000026d  oi_alloc                      
00000aa9  oi_checkFirmware              
000002c7  oi_close                      
00000279  oi_free                       
00000ded  oi_getMotorCalibrationLeft    
00000e01  oi_getMotorCalibrationRight   
000002b1  oi_init                       
00000289  oi_init_noupdate              
00000915  oi_loadSong                   
00004a9f  oi_parseInt                   
0000032b  oi_parsePacket                
0000096b  oi_play_song                  
0000084b  oi_setLeds                    
00000db1  oi_setMotorCalibration        
0000088f  oi_setWheels                  
00000b51  oi_shutoff_init               
0000098d  oi_uartInit                   
00000a31  oi_uartReceive                
00000a77  oi_uartSendBuff               
00000a15  oi_uartSendChar               
00000a59  oi_uartSendStr                
000002d9  oi_update                     
20000f58  overflow_count                
00001a5d  perform_180_ir_scan           
000028f5  ping_init                     
00002a45  ping_read                     
00003bf9  scalbn                        
00003bf9  scalbnl                       
00002991  send_pulse                    
000033e5  servo_init                    
0000346b  servo_move                    
000018dd  setup                         
000046b5  snprintf                      
00004acf  strchr                        
00004ab7  strcmp                        
00004ae5  strcpy                        
00004af9  strlen                        
00002f33  timer_getMicros               
00002edb  timer_getMillis               
00002e15  timer_init                    
00002eb7  timer_pause                   
00002ec9  timer_resume                  
00002e8d  timer_stop                    
00002f8d  timer_waitMicros              
00002fbf  timer_waitMillis              
000022d5  turn_clockwise                
0000233b  turn_counter_clockwise        
20000ffd  uart_data                     
000036d1  uart_data_available           
00003599  uart_init                     
000036ab  uart_interrupt_handler        
00003687  uart_interrupt_init           
00003655  uart_receive                  
00003639  uart_sendChar                 
00003669  uart_sendStr                  
000047d1  vsnprintf                     
00004b0d  wcslen                        


GLOBAL SYMBOLS: SORTED BY Symbol Address 

address   name                          
-------   ----                          
00000000  __TI_static_base__            
00000000  g_pfnVectors                  
0000026d  oi_alloc                      
00000279  oi_free                       
00000289  oi_init_noupdate              
000002b1  oi_init                       
000002c7  oi_close                      
000002d9  oi_update                     
0000032b  oi_parsePacket                
00000400  __SYSMEM_SIZE                 
00000800  __STACK_SIZE                  
0000084b  oi_setLeds                    
0000088f  oi_setWheels                  
00000915  oi_loadSong                   
0000096b  oi_play_song                  
0000097f  go_charge                     
0000098d  oi_uartInit                   
00000a15  oi_uartSendChar               
00000a31  oi_uartReceive                
00000a59  oi_uartSendStr                
00000a77  oi_uartSendBuff               
00000aa9  oi_checkFirmware              
00000b51  oi_shutoff_init               
00000bc3  GPIOF_Handler                 
00000db1  oi_setMotorCalibration        
00000ded  oi_getMotorCalibrationLeft    
00000e01  oi_getMotorCalibrationRight   
00000e8d  __TI_printfi                  
000018db  _nop                          
000018dd  setup                         
0000190f  adc_distance                  
00001a01  control_movement              
00001a5d  perform_180_ir_scan           
00001b9d  display_smallest_object       
00001cef  navigate_to_smallest_object   
00001e75  handle_uart_data              
00001f6f  handle_bump_sensor            
00001fa1  main                          
00002201  move_forward                  
00002269  move_backwards                
000022d5  turn_clockwise                
0000233b  turn_counter_clockwise        
000023b1  handle_bump                   
00002415  move_forward_with_bump        
000025cd  lcd_reverseNibble             
00002609  lcd_init                      
000026c9  lcd_putc                      
00002701  lcd_puts                      
0000271f  lcd_sendCommand               
0000275d  lcd_sendNibble                
000027a1  lcd_gotoLine                  
000027c9  lcd_setCursorPos              
00002807  lcd_printf                    
000028f5  ping_init                     
00002991  send_pulse                    
000029eb  TIMER3B_Handler               
00002a45  ping_read                     
00002abb  calculate_distance            
00002b0b  calculate_time_in_ms          
00002e15  timer_init                    
00002e8d  timer_stop                    
00002eb7  timer_pause                   
00002ec9  timer_resume                  
00002edb  timer_getMillis               
00002f33  timer_getMicros               
00002f8d  timer_waitMicros              
00002fbf  timer_waitMillis              
0000322d  __aeabi_dsub                  
00003237  __aeabi_dadd                  
000033e3  __aeabi_idiv0                 
000033e3  __aeabi_ldiv0                 
000033e5  servo_init                    
0000346b  servo_move                    
00003599  uart_init                     
00003639  uart_sendChar                 
00003655  uart_receive                  
00003669  uart_sendStr                  
00003687  uart_interrupt_init           
000036ab  uart_interrupt_handler        
000036d1  uart_data_available           
00003875  __aeabi_ddiv                  
000039ad  adc_init                      
00003a5d  adc_read                      
00003bf9  ldexp                         
00003bf9  ldexpl                        
00003bf9  scalbn                        
00003bf9  scalbnl                       
00003d09  aligned_alloc                 
00003d09  memalign                      
00003e09  __aeabi_dmul                  
00003f05  free                          
0000409b  __aeabi_memcpy                
0000409b  __aeabi_memcpy4               
0000409b  __aeabi_memcpy8               
0000409b  memcpy                        
00004137  __aeabi_uldivmod              
000041cd  __aeabi_cdcmpeq               
000041cd  __aeabi_cdcmple               
00004253  __aeabi_cdrcmple              
000042d9  __aeabi_memclr                
000042d9  __aeabi_memclr4               
000042d9  __aeabi_memclr8               
000042db  __aeabi_memset                
000042db  __aeabi_memset4               
000042db  __aeabi_memset8               
000042e1  memset                        
00004433  __aeabi_d2f                   
000044a1  __TI_decompress_lzss          
00004509  frexp                         
00004509  frexpl                        
000045c3  __TI_ltoa                     
00004669  atoi                          
000046b5  snprintf                      
00004701  __aeabi_d2iz                  
00004749  __TI_auto_init_nobinit_nopinit
0000478d  __aeabi_d2uiz                 
000047d1  vsnprintf                     
00004851  calloc                        
00004889  __aeabi_f2d                   
000048c1  IntRegister                   
000048f5  _c_int00_noargs               
00004989  __aeabi_i2d                   
000049e1  __aeabi_ui2d                  
00004a01  __TI_zero_init_nomemset       
00004a39  memccpy                       
00004a55  copysign                      
00004a55  copysignl                     
00004a9f  oi_parseInt                   
00004ab7  strcmp                        
00004acf  strchr                        
00004ae5  strcpy                        
00004af9  strlen                        
00004b0d  wcslen                        
00004b1f  IntMasterEnable               
00004b2f  lcd_clear                     
00004b3f  __TI_decompress_none          
00004b4d  CPUcpsie                      
00004b59  ResetISR                      
00004b65  __aeabi_errno_addr            
00004b6d  malloc                        
00004b75  _system_pre_init              
00004b79  C$$EXIT                       
00004b79  abort                         
00004b7c  _ctypes_                      
00004d20  __TI_Handler_Table_Base       
00004d2c  __TI_Handler_Table_Limit      
00004d40  __TI_CINIT_Base               
00004d58  __TI_CINIT_Limit              
20000000  __start___llvm_prf_cnts       
20000000  __stop___llvm_prf_cnts        
20000000  g_pfnRAMVectors               
20000270  __stack                       
20000470  __STACK_TOP                   
20000a70  __STACK_END                   
20000a70  _sys_memory                   
20000e70  detected_objects              
20000f54  _timeout_ticks                
20000f58  overflow_count                
20000f5c  distances                     
20000f98  ir_values                     
20000fd4  motor_cal_factor_L            
20000fd8  motor_cal_factor_R            
20000ff4  START_TIME                    
20000ff8  END_TIME                      
20000ffc  STATE                         
20000ffd  uart_data                     
20000ffe  flag                          
20000fff  _running                      
20001000  _lock                         
20001004  _unlock                       
20001010  current_degrees               
20001014  direction                     
20001018  object_count                  
2000101c  current_mode                  
20001020  errno                         
ffffffff  __TI_pprof_out_hndl           
ffffffff  __TI_prof_data_size           
ffffffff  __TI_prof_data_start          
ffffffff  __binit__                     
ffffffff  __c_args__                    
ffffffff  binit                         
UNDEFED   __mpu_init                    
UNDEFED   _system_post_cinit            

[183 symbols]
